# ADI PC OspBridge raw SPI trace
# Path: network_macphy -> adi_pal_spiSend -> FT4222_SPIMaster_SingleReadWrite
# Log file location: C:\Users\HKKIM\Desktop\jhhan\AD3306_AD6601\AD3304_20260715_OSP_Ilas_OK_backup\osp_spi_trace.log (follows this DLL's own folder)

#1 dev=0 len=16 transferred=16 ftStatus=0
TX: 0A C8 60 00 00 00 00 00 00 00 00 00 00 00 00 00
RX: 00 00 00 00 00 00 00 00 00 00 00 00 00 00 00 00

#2 dev=0 len=16 transferred=16 ftStatus=0
TX: 2A C8 FF 01 00 00 A5 5A FF FF 5A A5 00 00 00 00
RX: 00 00 00 00 00 00 00 00 00 00 00 00 00 00 00 00

#3 dev=0 len=16 transferred=16 ftStatus=0
TX: 20 00 08 01 00 00 00 50 FF FF FF AF 00 00 00 00
RX: 00 00 00 00 00 00 00 00 00 00 00 00 00 00 00 00

#4 dev=0 len=16 transferred=16 ftStatus=0
TX: 2A C8 60 01 00 00 00 00 FF FF FF FF 00 00 00 00
RX: 00 00 00 00 00 00 00 00 00 00 00 00 00 00 00 00

#5 dev=0 len=16 transferred=16 ftStatus=0
TX: 20 00 0C 00 00 00 00 00 FF FF FF FF 00 00 00 00
RX: 00 00 00 00 00 00 00 00 00 00 00 00 00 00 00 00

#6 dev=0 len=16 transferred=16 ftStatus=0
TX: 2A C9 4E 00 00 00 02 1E FF FF FD E1 00 00 00 00
RX: 00 00 00 00 00 00 00 00 00 00 00 00 00 00 00 00

#7 dev=0 len=16 transferred=16 ftStatus=0
TX: 20 00 0D 01 43 FA 1F 1A BC 05 E0 E5 00 00 00 00
RX: 00 00 00 00 00 00 00 00 00 00 00 00 00 00 00 00

#8 dev=0 len=16 transferred=16 ftStatus=0
TX: 20 00 06 00 00 7E 21 24 FF 81 DE DB 00 00 00 00
RX: 00 00 00 00 00 00 00 00 00 00 00 00 00 00 00 00

#9 dev=0 len=16 transferred=16 ftStatus=0
TX: 20 00 04 01 00 00 88 C5 FF FF 77 3A 00 00 00 00
RX: 00 00 00 00 00 00 00 00 00 00 00 00 00 00 00 00

#10 dev=0 len=16 transferred=16 ftStatus=0
TX: 2A C8 04 00 00 00 00 0E FF FF FF F1 00 00 00 00
RX: 00 00 00 00 00 00 00 00 00 00 00 00 00 00 00 00

#11 dev=0 len=16 transferred=16 ftStatus=0
TX: 21 00 84 01 00 00 00 00 FF FF FF FF 00 00 00 00
RX: 00 00 00 00 00 00 00 00 00 00 00 00 00 00 00 00

#12 dev=0 len=16 transferred=16 ftStatus=0
TX: 2A B7 03 00 00 00 00 84 FF FF FF 7B 00 00 00 00
RX: 00 00 00 00 00 00 00 00 00 00 00 00 00 00 00 00

#13 dev=0 len=16 transferred=16 ftStatus=0
TX: 00 00 04 00 00 00 00 00 00 00 00 00 00 00 00 00
RX: 00 00 00 00 00 00 00 00 00 00 00 00 00 00 00 00

#14 dev=0 len=24 transferred=24 ftStatus=0
TX: 2A C9 16 02 00 00 27 10 FF FF D8 EF 00 00 00 00 FF FF FF FF 00 00 00 00
RX: 00 00 00 00 00 00 00 00 00 00 00 00 00 00 00 00 00 00 00 00 00 00 00 00

#15 dev=0 len=16 transferred=16 ftStatus=0
TX: 0A C8 0E 01 00 00 00 00 00 00 00 00 00 00 00 00
RX: 00 00 00 00 00 00 00 00 00 00 00 00 00 00 00 00

#16 dev=0 len=16 transferred=16 ftStatus=0
TX: 21 00 C4 00 00 00 00 00 FF FF FF FF 00 00 00 00
RX: 00 00 00 00 00 00 00 00 00 00 00 00 00 00 00 00

#17 dev=0 len=16 transferred=16 ftStatus=0
TX: 24 CA 02 00 00 00 09 00 FF FF F6 FF 00 00 00 00
RX: 00 00 00 00 00 00 00 00 00 00 00 00 00 00 00 00

#18 dev=0 len=40 transferred=40 ftStatus=0
TX: 24 00 18 07 00 00 60 BE FF FF 9F 41 00 00 FC DE FF FF 03 21 00 00 00 7F FF FF FF 80 00 00 01 00 FF FF FE FF 00 00 00 00
RX: 00 00 00 00 00 00 00 00 00 00 00 00 00 00 00 00 00 00 00 00 00 00 00 00 00 00 00 00 00 00 00 00 00 00 00 00 00 00 00 00

#19 dev=0 len=16 transferred=16 ftStatus=0
TX: 24 CA 01 00 00 00 80 00 FF FF 7F FF 00 00 00 00
RX: 00 00 00 00 00 00 00 00 00 00 00 00 00 00 00 00

#20 dev=0 len=16 transferred=16 ftStatus=0
TX: 2A B7 0D 01 00 00 00 00 FF FF FF FF 00 00 00 00
RX: 00 00 00 00 00 00 00 00 00 00 00 00 00 00 00 00

#21 dev=0 len=108 transferred=108 ftStatus=0
TX: 80 00 00 00 00 00 00 00 00 00 00 00 00 00 00 00 00 00 00 00 00 00 00 00 00 00 00 00 00 00 00 00 00 00 00 00 80 00 00 00 00 00 00 00 00 00 00 00 00 00 00 00 00 00 00 00 00 00 00 00 00 00 00 00 00 00 00 00 00 00 00 00 80 00 00 00 00 00 00 00 00 00 00 00 00 00 00 00 00 00 00 00 00 00 00 00 00 00 00 00 00 00 00 00 00 00 00 00
RX: 00 00 00 00 00 00 00 00 00 00 00 00 00 00 00 00 00 00 00 00 00 00 00 00 00 00 00 00 00 00 00 00 00 00 00 00 00 00 00 00 00 00 00 00 00 00 00 00 00 00 00 00 00 00 00 00 00 00 00 00 00 00 00 00 00 00 00 00 00 00 00 00 00 00 00 00 00 00 00 00 00 00 00 00 00 00 00 00 00 00 00 00 00 00 00 00 00 00 00 00 00 00 00 00 00 00 00 00

#22 dev=0 len=16 transferred=16 ftStatus=0
TX: 0A C8 60 00 00 00 00 00 00 00 00 00 00 00 00 00
RX: 00 00 00 00 00 00 00 00 00 00 00 00 00 00 00 00

#23 dev=0 len=16 transferred=16 ftStatus=0
TX: 2A C8 FF 01 00 00 A5 5A FF FF 5A A5 00 00 00 00
RX: 00 00 00 00 00 00 00 00 00 00 00 00 00 00 00 00

#24 dev=0 len=16 transferred=16 ftStatus=0
TX: 20 00 08 01 00 00 00 50 FF FF FF AF 00 00 00 00
RX: 00 00 00 00 00 00 00 00 00 00 00 00 00 00 00 00

#25 dev=0 len=16 transferred=16 ftStatus=0
TX: 2A C8 60 01 00 00 00 00 FF FF FF FF 00 00 00 00
RX: 00 00 00 00 00 00 00 00 00 00 00 00 00 00 00 00

#26 dev=0 len=16 transferred=16 ftStatus=0
TX: 20 00 0C 00 00 00 00 00 FF FF FF FF 00 00 00 00
RX: 00 00 00 00 00 00 00 00 00 00 00 00 00 00 00 00

#27 dev=0 len=16 transferred=16 ftStatus=0
TX: 2A C9 4E 00 00 00 02 1E FF FF FD E1 00 00 00 00
RX: 00 00 00 00 00 00 00 00 00 00 00 00 00 00 00 00

#28 dev=0 len=16 transferred=16 ftStatus=0
TX: 20 00 0D 01 43 FA 1F 1A BC 05 E0 E5 00 00 00 00
RX: 00 00 00 00 00 00 00 00 00 00 00 00 00 00 00 00

#29 dev=0 len=16 transferred=16 ftStatus=0
TX: 20 00 06 00 00 7E 21 24 FF 81 DE DB 00 00 00 00
RX: 00 00 00 00 00 00 00 00 00 00 00 00 00 00 00 00

#30 dev=0 len=16 transferred=16 ftStatus=0
TX: 20 00 04 01 00 00 88 C5 FF FF 77 3A 00 00 00 00
RX: 00 00 00 00 00 00 00 00 00 00 00 00 00 00 00 00

#31 dev=0 len=16 transferred=16 ftStatus=0
TX: 2A C8 04 00 00 00 00 0E FF FF FF F1 00 00 00 00
RX: 00 00 00 00 00 00 00 00 00 00 00 00 00 00 00 00

#32 dev=0 len=16 transferred=16 ftStatus=0
TX: 21 00 84 01 00 00 00 00 FF FF FF FF 00 00 00 00
RX: 00 00 00 00 00 00 00 00 00 00 00 00 00 00 00 00

#33 dev=0 len=16 transferred=16 ftStatus=0
TX: 2A B7 03 00 00 00 00 84 FF FF FF 7B 00 00 00 00
RX: 00 00 00 00 00 00 00 00 00 00 00 00 00 00 00 00

#34 dev=0 len=16 transferred=16 ftStatus=0
TX: 00 00 04 00 00 00 00 00 00 00 00 00 00 00 00 00
RX: 00 00 00 00 00 00 00 00 00 00 00 00 00 00 00 00

#35 dev=0 len=24 transferred=24 ftStatus=0
TX: 2A C9 16 02 00 00 27 10 FF FF D8 EF 00 00 00 00 FF FF FF FF 00 00 00 00
RX: 00 00 00 00 00 00 00 00 00 00 00 00 00 00 00 00 00 00 00 00 00 00 00 00

#36 dev=0 len=16 transferred=16 ftStatus=0
TX: 0A C8 0E 01 00 00 00 00 00 00 00 00 00 00 00 00
RX: 00 00 00 00 00 00 00 00 00 00 00 00 00 00 00 00

#37 dev=0 len=16 transferred=16 ftStatus=0
TX: 21 00 C4 00 00 00 00 00 FF FF FF FF 00 00 00 00
RX: 00 00 00 00 00 00 00 00 00 00 00 00 00 00 00 00

#38 dev=0 len=16 transferred=16 ftStatus=0
TX: 24 CA 01 00 00 00 80 00 FF FF 7F FF 00 00 00 00
RX: 00 00 00 00 00 00 00 00 00 00 00 00 00 00 00 00

#39 dev=0 len=16 transferred=16 ftStatus=0
TX: 2A B7 0D 01 00 00 00 00 FF FF FF FF 00 00 00 00
RX: 00 00 00 00 00 00 00 00 00 00 00 00 00 00 00 00

#40 dev=0 len=16 transferred=16 ftStatus=0
TX: 24 CA 02 00 00 00 09 00 FF FF F6 FF 00 00 00 00
RX: 00 00 00 00 00 00 00 00 00 00 00 00 00 00 00 00

#41 dev=0 len=40 transferred=40 ftStatus=0
TX: 24 00 18 07 00 00 60 BE FF FF 9F 41 00 00 FC DE FF FF 03 21 00 00 00 7F FF FF FF 80 00 00 01 00 FF FF FE FF 00 00 00 00
RX: 00 00 00 00 00 00 00 00 00 00 00 00 00 00 00 00 00 00 00 00 00 00 00 00 00 00 00 00 00 00 00 00 00 00 00 00 00 00 00 00

#42 dev=0 len=16 transferred=16 ftStatus=0
TX: 24 CA 01 00 00 00 80 00 FF FF 7F FF 00 00 00 00
RX: 00 00 00 00 00 00 00 00 00 00 00 00 00 00 00 00

#43 dev=0 len=16 transferred=16 ftStatus=0
TX: 2A B7 0D 01 00 00 00 00 FF FF FF FF 00 00 00 00
RX: 00 00 00 00 00 00 00 00 00 00 00 00 00 00 00 00

#44 dev=0 len=108 transferred=108 ftStatus=0
TX: 80 00 00 00 00 00 00 00 00 00 00 00 00 00 00 00 00 00 00 00 00 00 00 00 00 00 00 00 00 00 00 00 00 00 00 00 80 00 00 00 00 00 00 00 00 00 00 00 00 00 00 00 00 00 00 00 00 00 00 00 00 00 00 00 00 00 00 00 00 00 00 00 80 00 00 00 00 00 00 00 00 00 00 00 00 00 00 00 00 00 00 00 00 00 00 00 00 00 00 00 00 00 00 00 00 00 00 00
RX: 00 00 00 00 00 00 00 00 00 00 00 00 00 00 00 00 00 00 00 00 00 00 00 00 00 00 00 00 00 00 00 00 00 00 00 00 00 00 00 00 00 00 00 00 00 00 00 00 00 00 00 00 00 00 00 00 00 00 00 00 00 00 00 00 00 00 00 00 00 00 00 00 00 00 00 00 00 00 00 00 00 00 00 00 00 00 00 00 00 00 00 00 00 00 00 00 00 00 00 00 00 00 00 00 00 00 00 00

